// Jest Snapshot v1, https://goo.gl/fbAQLP

exports[`Counter Component renders Counter Component correctly 1`] = `
<div
  className="container"
>
  <div
    className="row counter"
  >
    <Button
      className="col-5 z-depth-3"
      key="-1"
      name="subtract"
      node="button"
      onClick={[Function]}
      step={-1}
    >
      -1
    </Button>
    <div
      className="counter-container row"
    >
      <h2
        className="col-2 counter-label"
      >
        Counter: 
        0
      </h2>
      <Button
        id="reset-button"
        large={true}
        node="a"
        onClick={[Function]}
        style={
          Object {
            "margin": 5,
          }
        }
        type="submit"
        waves="light"
      >
        RESET COUNTER
      </Button>
    </div>
    <Button
      className="col-5 z-depth-3"
      key="1"
      name="add"
      node="button"
      onClick={[Function]}
      step={1}
    >
      1
    </Button>
  </div>
</div>
`;
