// Jest Snapshot v1, https://goo.gl/fbAQLP

exports[`Counter Component calls "handleCounterReset" on button click 1`] = `
<div
  className="container"
>
  <div
    className="row counter"
  >
    <Button
      className="col-5 z-depth-3"
      key="-1"
      name="subtract"
      node="button"
      onClick={[Function]}
      step={-1}
    >
      -1
    </Button>
    <div
      className="counter-container row"
    >
      <h2
        className="col-2 counter-label"
      >
        Counter: 
        0
      </h2>
      <Button
        id="reset-button"
        large={true}
        node="a"
        onClick={[Function]}
        style={
          Object {
            "margin": 5,
          }
        }
        type="submit"
        waves="light"
      >
        RESET COUNTER
      </Button>
    </div>
    <Button
      className="col-5 z-depth-3"
      key="1"
      name="add"
      node="button"
      onClick={[Function]}
      step={1}
    >
      1
    </Button>
  </div>
</div>
`;

exports[`Counter Component outputs html markup result correctly 1`] = `
<div
  class="container"
>
  <div
    class="row counter"
  >
    <button
      class="btn col-5 z-depth-3"
      name="subtract"
      step="-1"
    >
      -1
    </button>
    <div
      class="counter-container row"
    >
      <h2
        class="col-2 counter-label"
      >
        Counter: 0
      </h2>
      <a
        class="waves-effect waves-light btn-large"
        id="reset-button"
        style="margin:5px"
        type="submit"
      >
        RESET COUNTER
      </a>
    </div>
    <button
      class="btn col-5 z-depth-3"
      name="add"
      step="1"
    >
      1
    </button>
  </div>
</div>
`;

exports[`Counter Component renders Counter Component correctly 1`] = `
<div
  className="container"
>
  <div
    className="row counter"
  >
    <Button
      className="col-5 z-depth-3"
      key="-1"
      name="subtract"
      node="button"
      onClick={[Function]}
      step={-1}
    >
      -1
    </Button>
    <div
      className="counter-container row"
    >
      <h2
        className="col-2 counter-label"
      >
        Counter: 
        0
      </h2>
      <Button
        id="reset-button"
        large={true}
        node="a"
        onClick={[Function]}
        style={
          Object {
            "margin": 5,
          }
        }
        type="submit"
        waves="light"
      >
        RESET COUNTER
      </Button>
    </div>
    <Button
      className="col-5 z-depth-3"
      key="1"
      name="add"
      node="button"
      onClick={[Function]}
      step={1}
    >
      1
    </Button>
  </div>
</div>
`;
